MariaDB [(none)]> SHOW DATABASES;
+--------------------+
| Database           |
+--------------------+
| 1test              |
| examc0689095       |
| information_schema |
| mysql              |
| nav                |
| performance_schema |
| phpmyadmin         |
| test               |
| test1              |
+--------------------+
9 rows in set (0.00 sec)

MariaDB [(none)]> USE Examc0689095;
Database changed
MariaDB [Examc0689095]> SHOW TABLES;
+------------------------+
| Tables_in_examc0689095 |
+------------------------+
| client                 |
| employee               |
| has_clearance          |
| package                |
| planet                 |
| shipment               |
+------------------------+
6 rows in set (0.00 sec)

MariaDB [Examc0689095]> SELECT * FROM Client;
+---------------+-------------------+
| AccountNumber | Name              |
+---------------+-------------------+
|             1 | Zapp Brannigan    |
|             2 | Al Gore's Head    |
|             3 | Barbados Slim     |
|             4 | Ogden Wernstrom   |
|             5 | Leo Wong          |
|             6 | Lrrr              |
|             7 | John Zoidberg     |
|             8 | John Zoidfarb     |
|             9 | Morbo             |
|            10 | Judge John Whitey |
|            11 | Calculon          |
+---------------+-------------------+
11 rows in set (0.00 sec)

MariaDB [Examc0689095]> CREATE VIEW V1 AS SELECT AccountNumber,Name from Client;
Query OK, 0 rows affected (0.08 sec)

MariaDB [Examc0689095]> SELECT * FROM v1;
+---------------+-------------------+
| AccountNumber | Name              |
+---------------+-------------------+
|             1 | Zapp Brannigan    |
|             2 | Al Gore's Head    |
|             3 | Barbados Slim     |
|             4 | Ogden Wernstrom   |
|             5 | Leo Wong          |
|             6 | Lrrr              |
|             7 | John Zoidberg     |
|             8 | John Zoidfarb     |
|             9 | Morbo             |
|            10 | Judge John Whitey |
|            11 | Calculon          |
+---------------+-------------------+
11 rows in set (0.00 sec)

MariaDB [Examc0689095]> SELECT * FROM Employee;
+------------+--------------------------+--------------+--------+-------------------------------------------------------------------------+
| EmployeeID | Name                     | Position     | Salary | Remarks                                                                 |
+------------+--------------------------+--------------+--------+-------------------------------------------------------------------------+
|          1 | Phillip J. Fry           | Delivery boy |   7500 | Not to be confused with the Philip J. Fry from Hovering Squid World 97a |
|          2 | Turanga Leela            | Captain      |  10000 | NULL                                                                    |
|          3 | Bender Bending Rodriguez | Robot        |   7500 | NULL                                                                    |
|          4 | Hubert J. Farnsworth     | CEO          |  20000 | NULL                                                                    |
|          5 | John A. Zoidberg         | Physician    |     25 | NULL                                                                    |
|          6 | Amy Wong                 | Intern       |   5000 | NULL                                                                    |
|          7 | Hermes Conrad            | Bureaucrat   |  10000 | NULL                                                                    |
|          8 | Scruffy Scruffington     | Janitor      |   5000 | NULL                                                                    |
+------------+--------------------------+--------------+--------+-------------------------------------------------------------------------+
8 rows in set (0.00 sec)

MariaDB [Examc0689095]> CREATE VIEW V2 AS SELECT EmployeeID,Name,Position,Salary,Remarks from Employee; 
Query OK, 0 rows affected (0.08 sec)

MariaDB [Examc0689095]> SELECT * FROM v2;
+------------+--------------------------+--------------+--------+-------------------------------------------------------------------------+
| EmployeeID | Name                     | Position     | Salary | Remarks                                                                 |
+------------+--------------------------+--------------+--------+-------------------------------------------------------------------------+
|          1 | Phillip J. Fry           | Delivery boy |   7500 | Not to be confused with the Philip J. Fry from Hovering Squid World 97a |
|          2 | Turanga Leela            | Captain      |  10000 | NULL                                                                    |
|          3 | Bender Bending Rodriguez | Robot        |   7500 | NULL                                                                    |
|          4 | Hubert J. Farnsworth     | CEO          |  20000 | NULL                                                                    |
|          5 | John A. Zoidberg         | Physician    |     25 | NULL                                                                    |
|          6 | Amy Wong                 | Intern       |   5000 | NULL                                                                    |
|          7 | Hermes Conrad            | Bureaucrat   |  10000 | NULL                                                                    |
|          8 | Scruffy Scruffington     | Janitor      |   5000 | NULL                                                                    |
+------------+--------------------------+--------------+--------+-------------------------------------------------------------------------+
8 rows in set (0.00 sec)

MariaDB [Examc0689095]> CREATE VIEW V3 AS SELECT PLANETID,NAME,COORDINATES FROM PLANET;
Query OK, 0 rows affected (0.13 sec)

MariaDB [Examc0689095]> SELECT * FROM v3;
+----------+------------------+------------------+
| PLANETID | NAME             | COORDINATES      |
+----------+------------------+------------------+
|        1 | Omicron Persei 8 |    89475345.3545 |
|        2 | Decapod X        | 65498463216.3466 |
|        3 | Mars             |   32435021.65468 |
|        4 | Omega III        |    98432121.5464 |
|        5 | Tarantulon VI    | 849842198.354654 |
|        6 | Cannibalon       |  654321987.21654 |
|        7 | DogDoo VII       |  65498721354.688 |
|        8 | Nintenduu 64     |  6543219894.1654 |
|        9 | Amazonia         | 65432135979.6547 |
+----------+------------------+------------------+
9 rows in set (0.00 sec)

MariaDB [Examc0689095]> CREATE VIEW V4 AS SELECT SHIPMENTID,SHIPMENTDATE,MANAGER,PLANET FROM SHIPMENT;
ERROR 1054 (42S22): Unknown column 'SHIPMENTDATE' in 'field list'
MariaDB [Examc0689095]> CREATE VIEW V4 AS SELECT SHIPMENTID,shipment_date,MANAGER,PLANET FROM SHIPMENT;
ERROR 1054 (42S22): Unknown column 'shipment_date' in 'field list'
MariaDB [Examc0689095]> CREATE VIEW V4 AS SELECT SHIPMENTID,MANAGER,PLANET FROM SHIPMENT;
Query OK, 0 rows affected (0.08 sec)

MariaDB [Examc0689095]> SELECT * FROM v4;
+------------+---------+--------+
| SHIPMENTID | MANAGER | PLANET |
+------------+---------+--------+
|          1 |       1 |      1 |
|          2 |       1 |      2 |
|          3 |       2 |      3 |
|          4 |       2 |      4 |
|          5 |       7 |      5 |
+------------+---------+--------+
5 rows in set (0.00 sec)

MariaDB [Examc0689095]> CREATE VIEW V5 AS SELECT EMPLOYEE, PLANET,LEVEL FROM HAS_CLEARANCE;
Query OK, 0 rows affected (0.05 sec)

MariaDB [Examc0689095]> SELECT * FROM v5;
+----------+--------+-------+
| EMPLOYEE | PLANET | LEVEL |
+----------+--------+-------+
|        1 |      1 |     2 |
|        1 |      2 |     3 |
|        2 |      3 |     2 |
|        2 |      4 |     4 |
|        3 |      5 |     2 |
|        3 |      6 |     4 |
|        4 |      7 |     1 |
+----------+--------+-------+
7 rows in set (0.00 sec)

MariaDB [Examc0689095]> CREATE VIEW V6 AS SELECT SHIPMENT,PACKAGENUMBER,CONTENTS,WEIGHT,SENDER,RECIPIENT FROM PACKAGE;
Query OK, 0 rows affected (0.08 sec)

MariaDB [Examc0689095]> SELECT * FROM v6;
+----------+---------------+-------------------+--------+--------+-----------+
| SHIPMENT | PACKAGENUMBER | CONTENTS          | WEIGHT | SENDER | RECIPIENT |
+----------+---------------+-------------------+--------+--------+-----------+
|        1 |             1 | Undeclared        |    1.5 |      1 |         2 |
|        2 |             1 | Undeclared        |     10 |      2 |         3 |
|        2 |             2 | A bucket of krill |      2 |      8 |         7 |
|        3 |             1 | Undeclared        |     15 |      3 |         4 |
|        3 |             2 | Undeclared        |      3 |      5 |         1 |
|        3 |             3 | Undeclared        |      7 |      2 |         3 |
|        4 |             1 | Undeclared        |      5 |      4 |         5 |
|        4 |             2 | Undeclared        |     27 |      1 |         2 |
|        5 |             1 | Undeclared        |    100 |      5 |         1 |
+----------+---------------+-------------------+--------+--------+-----------+
9 rows in set (0.00 sec)

MariaDB [Examc0689095]> SELECT name as emp_name FROM v2 WHERE name='Turanga Leela';
+---------------+
| emp_name      |
+---------------+
| Turanga Leela |
+---------------+
1 row in set (0.00 sec)

MariaDB [Examc0689095]> SELECT name as e.name ,s.* from package where e.name='Turanga leela';  
ERROR 1064 (42000): You have an error in your SQL syntax; check the manual that corresponds to your MariaDB server version for the right syntax to use near '.name ,s.* from package where e.name='Turanga leela'' at line 1
MariaDB [Examc0689095]> SELECT name as e.name ,s.* from employee where e.name='Turanga leela';  
ERROR 1064 (42000): You have an error in your SQL syntax; check the manual that corresponds to your MariaDB server version for the right syntax to use near '.name ,s.* from employee where e.name='Turanga leela'' at line 1
MariaDB [Examc0689095]> SELECT name as e.name,s.* from employee join shipmet as on  manager where e.name='Turanga leela';
ERROR 1064 (42000): You have an error in your SQL syntax; check the manual that corresponds to your MariaDB server version for the right syntax to use near '.name,s.* from employee join shipmet as on  manager where e.name='Turanga leela'' at line 1
MariaDB [Examc0689095]> SELECT name as e.name,s.* from employee as e JOIN shipmet as on e.employeeid=s.manager where e.name='Turanga leela';
ERROR 1064 (42000): You have an error in your SQL syntax; check the manual that corresponds to your MariaDB server version for the right syntax to use near '.name,s.* from employee as e JOIN shipmet as on e.employeeid=s.manager where e.n' at line 1
MariaDB [Examc0689095]> SELECT v1 as e.name,s.* from employee as e JOIN shipmet as on e.employeeid=s.manager where e.name='Turanga leela';
ERROR 1064 (42000): You have an error in your SQL syntax; check the manual that corresponds to your MariaDB server version for the right syntax to use near '.name,s.* from employee as e JOIN shipmet as on e.employeeid=s.manager where e.n' at line 1
MariaDB [Examc0689095]> SELECT view v1 as e.name,s.* from employee as e JOIN shipmet as on e.employeeid=s.manager where e.name='Turanga leela';
ERROR 1064 (42000): You have an error in your SQL syntax; check the manual that corresponds to your MariaDB server version for the right syntax to use near 'as e.name,s.* from employee as e JOIN shipmet as on e.employeeid=s.manager where' at line 1
MariaDB [Examc0689095]> SELECT view v1 as e.name,s.* from employee as e JOIN shipmet as son e.employeeid=s.manager where e.name='Turanga leela';
ERROR 1064 (42000): You have an error in your SQL syntax; check the manual that corresponds to your MariaDB server version for the right syntax to use near 'as e.name,s.* from employee as e JOIN shipmet as son e.employeeid=s.manager wher' at line 1
MariaDB [Examc0689095]> SELECT view v1 as e.name,s.* from employee as e JOIN shipment as on e.employeeid=s.manager where e.name='Turanga leela';
ERROR 1064 (42000): You have an error in your SQL syntax; check the manual that corresponds to your MariaDB server version for the right syntax to use near 'as e.name,s.* from employee as e JOIN shipment as on e.employeeid=s.manager wher' at line 1
MariaDB [Examc0689095]> SELECT view v1 as e.name,s.* from employee as e JOIN shipment as ship_ment e.employeeid=s.manager where e.name='Turanga leela';
ERROR 1064 (42000): You have an error in your SQL syntax; check the manual that corresponds to your MariaDB server version for the right syntax to use near 'as e.name,s.* from employee as e JOIN shipment as ship_ment e.employeeid=s.manag' at line 1
MariaDB [Examc0689095]> SELECT view v1 as employee.name,s.* from employee as e JOIN shipment as ship_ment e.employeeid=s.manager where e.name='Turanga leela';
ERROR 1064 (42000): You have an error in your SQL syntax; check the manual that corresponds to your MariaDB server version for the right syntax to use near 'as employee.name,s.* from employee as e JOIN shipment as ship_ment e.employeeid=' at line 1
MariaDB [Examc0689095]> SELECT view v1 as employee.name,shipment.* from employee as e JOIN shipment as ship_ment e.employeeid=s.manager where e.name='Turanga leela';
ERROR 1064 (42000): You have an error in your SQL syntax; check the manual that corresponds to your MariaDB server version for the right syntax to use near 'as employee.name,shipment.* from employee as e JOIN shipment as ship_ment e.empl' at line 1
MariaDB [Examc0689095]> SELECT * from v1;
+---------------+-------------------+
| AccountNumber | Name              |
+---------------+-------------------+
|             1 | Zapp Brannigan    |
|             2 | Al Gore's Head    |
|             3 | Barbados Slim     |
|             4 | Ogden Wernstrom   |
|             5 | Leo Wong          |
|             6 | Lrrr              |
|             7 | John Zoidberg     |
|             8 | John Zoidfarb     |
|             9 | Morbo             |
|            10 | Judge John Whitey |
|            11 | Calculon          |
+---------------+-------------------+
11 rows in set (0.00 sec)

MariaDB [Examc0689095]> SELECT * from v1 where name='Turanga leela' Join shipment;
ERROR 1064 (42000): You have an error in your SQL syntax; check the manual that corresponds to your MariaDB server version for the right syntax to use near 'Join shipment' at line 1
MariaDB [Examc0689095]> SELECT view v1 as e.name,s.* from employee as e Join shipment s on e.emmployeeid=s.manager where e.name='Turanga leela';
ERROR 1064 (42000): You have an error in your SQL syntax; check the manual that corresponds to your MariaDB server version for the right syntax to use near 'as e.name,s.* from employee as e Join shipment s on e.emmployeeid=s.manager wher' at line 1
MariaDB [Examc0689095]> create view v1 as select e.name,s.* from employee as e join shipment s on e.employeeid=s.manager where e.name='Turanga leela';
ERROR 1050 (42S01): Table 'v1' already exists
MariaDB [Examc0689095]> drop view v1;
Query OK, 0 rows affected (0.00 sec)

MariaDB [Examc0689095]> create view v1 as select e.name,s.* from employee as e join shipment s on e.employeeid=s.manager where e.name='Turanga leela';
Query OK, 0 rows affected (0.05 sec)

MariaDB [Examc0689095]> SELECT * from v1 ;
+---------------+------------+------+---------+--------+
| name          | ShipmentID | Date | Manager | Planet |
+---------------+------------+------+---------+--------+
| Turanga Leela |          3 | NULL |       2 |      3 |
| Turanga Leela |          4 | NULL |       2 |      4 |
+---------------+------------+------+---------+--------+
2 rows in set (0.00 sec)

MariaDB [Examc0689095]> drop view v2;
Query OK, 0 rows affected (0.00 sec)

MariaDB [Examc0689095]> drop v1;
ERROR 1064 (42000): You have an error in your SQL syntax; check the manual that corresponds to your MariaDB server version for the right syntax to use near 'v1' at line 1
MariaDB [Examc0689095]> create view v1 as select e.name,s.* from employee as e join shipment s on e.employeeid=s.manager where e.name='Turanga leela';
ERROR 1050 (42S01): Table 'v1' already exists
MariaDB [Examc0689095]> drop view v1;
Query OK, 0 rows affected (0.00 sec)

MariaDB [Examc0689095]> create view v1 as select e.name,s.* from employee as e join shipment s on e.employeeid=s.manager where e.name='Turanga leela';
Query OK, 0 rows affected (0.06 sec)

MariaDB [Examc0689095]> SELECT * from v1 ;
+---------------+------------+------+---------+--------+
| name          | ShipmentID | Date | Manager | Planet |
+---------------+------------+------+---------+--------+
| Turanga Leela |          3 | NULL |       2 |      3 |
| Turanga Leela |          4 | NULL |       2 |      4 |
+---------------+------------+------+---------+--------+
2 rows in set (0.00 sec)

MariaDB [Examc0689095]> select * view v6 where shipment=(1,5,6);
ERROR 1064 (42000): You have an error in your SQL syntax; check the manual that corresponds to your MariaDB server version for the right syntax to use near 'view v6 where shipment=(1,5,6)' at line 1
MariaDB [Examc0689095]> select * from view v6 where shipment=(1,5,6);
ERROR 1146 (42S02): Table 'examc0689095.view' doesn't exist
MariaDB [Examc0689095]> select * from package where shipment=(1,5,6);
ERROR 1241 (21000): Operand should contain 1 column(s)
MariaDB [Examc0689095]> drop view v3;
Query OK, 0 rows affected (0.00 sec)

MariaDB [Examc0689095]> create view v2 as select p.* from package JOIN client as c on accountnumber=p.recipient where c.accountnumber=(1,5,6);
ERROR 1051 (42S02): Unknown table 'examc0689095.p'
MariaDB [Examc0689095]> create view v2 as select p.* from package JOIN client as c on accountnumber=p.recipient where c.accountnumber in(1,5,6);
ERROR 1051 (42S02): Unknown table 'examc0689095.p'
MariaDB [Examc0689095]> create view v2 as select p.* from package as p JOIN client as c on accountnumber=p.recipient where c.accountnumber in(1,5,6);
Query OK, 0 rows affected (0.05 sec)

MariaDB [Examc0689095]> select * view v2;
ERROR 1064 (42000): You have an error in your SQL syntax; check the manual that corresponds to your MariaDB server version for the right syntax to use near 'view v2' at line 1
MariaDB [Examc0689095]> select *  from v2;
+----------+---------------+------------+--------+--------+-----------+
| Shipment | PackageNumber | Contents   | Weight | Sender | Recipient |
+----------+---------------+------------+--------+--------+-----------+
|        3 |             2 | Undeclared |      3 |      5 |         1 |
|        4 |             1 | Undeclared |      5 |      4 |         5 |
|        5 |             1 | Undeclared |    100 |      5 |         1 |
+----------+---------------+------------+--------+--------+-----------+
3 rows in set (0.05 sec)

MariaDB [Examc0689095]> drop view v4;
Query OK, 0 rows affected (0.00 sec)

MariaDB [Examc0689095]> CREATE VIEW V3 AS SELECT NAME FROM EMPLOYEE AS E JOIN PACKAGE AS P ON CONTENTS=E.NAME WHERE P.CONTENTS='UNDECLARED';
Query OK, 0 rows affected (0.02 sec)

MariaDB [Examc0689095]> select *  from v3;
Empty set (0.00 sec)

MariaDB [Examc0689095]> CREATE VIEW V4 AS SELECT S.* FROM SHIPMENT AS S JOIN PACKAGE AS P ON SENDER AND RECIPIENTS=S.SENDER AND S.RECIPIENT WHERE P.WEIGHT BETWEEN 5 AND 10;
ERROR 1054 (42S22): Unknown column 'RECIPIENTS' in 'on clause'
MariaDB [Examc0689095]> CREATE VIEW V4 AS SELECT S.* FROM SHIPMENT AS S JOIN PACKAGE AS P ON SENDER AND RECIPIENT=S.SENDER AND S.RECIPIENT WHERE P.WEIGHT BETWEEN 5 AND 10;
ERROR 1054 (42S22): Unknown column 'S.SENDER' in 'on clause'
MariaDB [Examc0689095]> CREATE VIEW V4 AS SELECT S.* FROM SHIPMENT AS S JOIN PACKAGE AS P ON SENDER AND RECIPIENT=P.SENDER AND P.RECIPIENT WHERE P.WEIGHT BETWEEN 5 AND 10;
Query OK, 0 rows affected (0.13 sec)

MariaDB [Examc0689095]> SELECT * FROM V4;
Empty set (0.05 sec)

MariaDB [Examc0689095]> SHOW VIEW V4;
ERROR 1064 (42000): You have an error in your SQL syntax; check the manual that corresponds to your MariaDB server version for the right syntax to use near 'VIEW V4' at line 1
MariaDB [Examc0689095]> SELECT * FROM VIEW V4;
ERROR 1146 (42S02): Table 'examc0689095.view' doesn't exist
MariaDB [Examc0689095]> DROP VIEW V5;
Query OK, 0 rows affected (0.00 sec)

MariaDB [Examc0689095]> create view v5 as select c.* from client as c JOIN package as p on contents=p.clientt where c.contents='undeclared';
ERROR 1054 (42S22): Unknown column 'c.contents' in 'where clause'
MariaDB [Examc0689095]> create view v5 as select c.* from client as c JOIN package as p on contents=p.clientt where p.contents='undeclared';
ERROR 1054 (42S22): Unknown column 'p.clientt' in 'on clause'
MariaDB [Examc0689095]> create view v5 as select c.* from client as c JOIN package as p on contents=p.client where p.contents='undeclared';
ERROR 1054 (42S22): Unknown column 'p.client' in 'on clause'
MariaDB [Examc0689095]> create view v5 as select c.* from client as c JOIN package as p on contents =p.client where p.content='undeclared';
ERROR 1054 (42S22): Unknown column 'p.content' in 'where clause'
MariaDB [Examc0689095]> create view v4 as select * from employee where salary=
    -> '$2700.00';
ERROR 1050 (42S01): Table 'v4' already exists
MariaDB [Examc0689095]> select * from v4 where salary ='$2700.00';
ERROR 1054 (42S22): Unknown column 'salary' in 'where clause'
MariaDB [Examc0689095]> create view v6 as select * from employee where salary='$2700.00';
ERROR 1050 (42S01): Table 'v6' already exists
MariaDB [Examc0689095]> drop v6;
ERROR 1064 (42000): You have an error in your SQL syntax; check the manual that corresponds to your MariaDB server version for the right syntax to use near 'v6' at line 1
MariaDB [Examc0689095]> drop view v6;
Query OK, 0 rows affected (0.00 sec)

MariaDB [Examc0689095]> create view v6 as select * from employee where salary='$2700.00';
Query OK, 0 rows affected (0.06 sec)

MariaDB [Examc0689095]> select * from v6;
Empty set, 1 warning (0.00 sec)

MariaDB [Examc0689095]> desc v6;
+------------+--------------+------+-----+---------+-------+
| Field      | Type         | Null | Key | Default | Extra |
+------------+--------------+------+-----+---------+-------+
| EmployeeID | int(11)      | NO   |     | NULL    |       |
| Name       | varchar(255) | NO   |     | NULL    |       |
| Position   | varchar(255) | NO   |     | NULL    |       |
| Salary     | double       | NO   |     | NULL    |       |
| Remarks    | varchar(255) | YES  |     | NULL    |       |
+------------+--------------+------+-----+---------+-------+
5 rows in set (0.02 sec)

MariaDB [Examc0689095]> SELECT * FROM EMPLOYEE;
+------------+--------------------------+--------------+--------+-------------------------------------------------------------------------+
| EmployeeID | Name                     | Position     | Salary | Remarks                                                                 |
+------------+--------------------------+--------------+--------+-------------------------------------------------------------------------+
|          1 | Phillip J. Fry           | Delivery boy |   7500 | Not to be confused with the Philip J. Fry from Hovering Squid World 97a |
|          2 | Turanga Leela            | Captain      |  10000 | NULL                                                                    |
|          3 | Bender Bending Rodriguez | Robot        |   7500 | NULL                                                                    |
|          4 | Hubert J. Farnsworth     | CEO          |  20000 | NULL                                                                    |
|          5 | John A. Zoidberg         | Physician    |     25 | NULL                                                                    |
|          6 | Amy Wong                 | Intern       |   5000 | NULL                                                                    |
|          7 | Hermes Conrad            | Bureaucrat   |  10000 | NULL                                                                    |
|          8 | Scruffy Scruffington     | Janitor      |   5000 | NULL                                                                    |
+------------+--------------------------+--------------+--------+-------------------------------------------------------------------------+
8 rows in set (0.00 sec)

MariaDB [Examc0689095]> SELECT VIEW V6 UPDATE SET REMARKS='DONE' WHERE REMARKS='NULL';
ERROR 1064 (42000): You have an error in your SQL syntax; check the manual that corresponds to your MariaDB server version for the right syntax to use near 'UPDATE SET REMARKS='DONE' WHERE REMARKS='NULL'' at line 1
MariaDB [Examc0689095]> UPDATE SET ='DONE' WHERE REMARKS ='NULL';
ERROR 1064 (42000): You have an error in your SQL syntax; check the manual that corresponds to your MariaDB server version for the right syntax to use near 'SET ='DONE' WHERE REMARKS ='NULL'' at line 1
MariaDB [Examc0689095]> UPDATE VIEW V4 SET ='DONE' WHERE REMARKS='NULL';
ERROR 1064 (42000): You have an error in your SQL syntax; check the manual that corresponds to your MariaDB server version for the right syntax to use near '='DONE' WHERE REMARKS='NULL'' at line 1
MariaDB [Examc0689095]> UPDATE VIEW V4 AS SET='DONE' WHERE REMARKS='NULL';
ERROR 1064 (42000): You have an error in your SQL syntax; check the manual that corresponds to your MariaDB server version for the right syntax to use near 'AS SET='DONE' WHERE REMARKS='NULL'' at line 1
MariaDB [Examc0689095]> SELECT NAME LIKE '%IS%',POSITION  LIKE'%AND%',SALARY LIKE'%ERNS%'FROM EMPLOYEE; 
+------------------+-----------------------+---------------------+
| NAME LIKE '%IS%' | POSITION  LIKE'%AND%' | SALARY LIKE'%ERNS%' |
+------------------+-----------------------+---------------------+
|                0 |                     0 |                   0 |
|                0 |                     0 |                   0 |
|                0 |                     0 |                   0 |
|                0 |                     0 |                   0 |
|                0 |                     0 |                   0 |
|                0 |                     0 |                   0 |
|                0 |                     0 |                   0 |
|                0 |                     0 |                   0 |
+------------------+-----------------------+---------------------+
8 rows in set (0.00 sec)

MariaDB [Examc0689095]> SELECT NAME,POSITION,SALARY FROM EMPLOYEE;
+--------------------------+--------------+--------+
| NAME                     | POSITION     | SALARY |
+--------------------------+--------------+--------+
| Phillip J. Fry           | Delivery boy |   7500 |
| Turanga Leela            | Captain      |  10000 |
| Bender Bending Rodriguez | Robot        |   7500 |
| Hubert J. Farnsworth     | CEO          |  20000 |
| John A. Zoidberg         | Physician    |     25 |
| Amy Wong                 | Intern       |   5000 |
| Hermes Conrad            | Bureaucrat   |  10000 |
| Scruffy Scruffington     | Janitor      |   5000 |
+--------------------------+--------------+--------+
8 rows in set (0.00 sec)

MariaDB [Examc0689095]> SELECT NAME CONCAT('$',FORMAT'AR_N'),'.00') AS SALARY FROM EMPLOYEE;
ERROR 1064 (42000): You have an error in your SQL syntax; check the manual that corresponds to your MariaDB server version for the right syntax to use near '('$',FORMAT'AR_N'),'.00') AS SALARY FROM EMPLOYEE' at line 1
MariaDB [Examc0689095]> SELECT NAME CONCAT('$',FORMAT'AR_N'),'.00') AS SALARY FROM V1;
ERROR 1064 (42000): You have an error in your SQL syntax; check the manual that corresponds to your MariaDB server version for the right syntax to use near '('$',FORMAT'AR_N'),'.00') AS SALARY FROM V1' at line 1
MariaDB [Examc0689095]> CRAETE VIEW V7 AS SELECT NAME CONCAT'$',FORMAT(SALARY,'AR_N'),'.00') AS SALARY FROM EMPLOYEE;
ERROR 1064 (42000): You have an error in your SQL syntax; check the manual that corresponds to your MariaDB server version for the right syntax to use near 'CRAETE VIEW V7 AS SELECT NAME CONCAT'$',FORMAT(SALARY,'AR_N'),'.00') AS SALARY F' at line 1
MariaDB [Examc0689095]> CRAETE VIEW V7 AS SELECT NAME CONCAT('$',FORMAT(SALARY,'AR_N'),'.00') AS SALARY FROM EMPLOYEE;
ERROR 1064 (42000): You have an error in your SQL syntax; check the manual that corresponds to your MariaDB server version for the right syntax to use near 'CRAETE VIEW V7 AS SELECT NAME CONCAT('$',FORMAT(SALARY,'AR_N'),'.00') AS SALARY ' at line 1
MariaDB [Examc0689095]>  SELECT NAME CONCAT('$',FORMAT(SALARY,'AR_N'),'.00') AS SALARY FROM EMPLOYEE;
ERROR 1064 (42000): You have an error in your SQL syntax; check the manual that corresponds to your MariaDB server version for the right syntax to use near '('$',FORMAT(SALARY,'AR_N'),'.00') AS SALARY FROM EMPLOYEE' at line 1
MariaDB [Examc0689095]>  SELECT NAME CONCAT('$',FORMAT(SALARY,'AR_N'),'.00') AS SALARY FROM V1;
ERROR 1064 (42000): You have an error in your SQL syntax; check the manual that corresponds to your MariaDB server version for the right syntax to use near '('$',FORMAT(SALARY,'AR_N'),'.00') AS SALARY FROM V1' at line 1
MariaDB [Examc0689095]> UPDATE SHIPMENT SET SHIPMENTDATE='CURRENT_DATE' WHERE SHIPMENTDATE='NULL';
ERROR 1054 (42S22): Unknown column 'SHIPMENTDATE' in 'where clause'
MariaDB [Examc0689095]> UPDATE INTO SHIPMENT SET SHIPMENTDATE='CURRENT_DATE' WHERE SHIPMENTDATE='NULL';
ERROR 1064 (42000): You have an error in your SQL syntax; check the manual that corresponds to your MariaDB server version for the right syntax to use near 'INTO SHIPMENT SET SHIPMENTDATE='CURRENT_DATE' WHERE SHIPMENTDATE='NULL'' at line 1
MariaDB [Examc0689095]> SELECT NAME CONCAT(('NAME', is ,'position', and earns , format'ar_n'),'.00'/month) from employee;
ERROR 1064 (42000): You have an error in your SQL syntax; check the manual that corresponds to your MariaDB server version for the right syntax to use near '(('NAME', is ,'position', and earns , format'ar_n'),'.00'/month) from employee' at line 1
MariaDB [Examc0689095]> CREATE VIEW V8 AS UPDATE INTO SET REMARKS='WELL DONE' WHERE REMARKS='NULL' FROM EMPLOYEE;
ERROR 1064 (42000): You have an error in your SQL syntax; check the manual that corresponds to your MariaDB server version for the right syntax to use near 'UPDATE INTO SET REMARKS='WELL DONE' WHERE REMARKS='NULL' FROM EMPLOYEE' at line 1
MariaDB [Examc0689095]> CREATE VIEW V8 AS UPDATE SET REMARKS='WELL DONE' WHERE REMARKS='NULL' FROM EMPLOYEE;
ERROR 1064 (42000): You have an error in your SQL syntax; check the manual that corresponds to your MariaDB server version for the right syntax to use near 'UPDATE SET REMARKS='WELL DONE' WHERE REMARKS='NULL' FROM EMPLOYEE' at line 1
MariaDB [Examc0689095]> SELECT * FROM EMPLOYEE;
+------------+--------------------------+--------------+--------+-------------------------------------------------------------------------+
| EmployeeID | Name                     | Position     | Salary | Remarks                                                                 |
+------------+--------------------------+--------------+--------+-------------------------------------------------------------------------+
|          1 | Phillip J. Fry           | Delivery boy |   7500 | Not to be confused with the Philip J. Fry from Hovering Squid World 97a |
|          2 | Turanga Leela            | Captain      |  10000 | NULL                                                                    |
|          3 | Bender Bending Rodriguez | Robot        |   7500 | NULL                                                                    |
|          4 | Hubert J. Farnsworth     | CEO          |  20000 | NULL                                                                    |
|          5 | John A. Zoidberg         | Physician    |     25 | NULL                                                                    |
|          6 | Amy Wong                 | Intern       |   5000 | NULL                                                                    |
|          7 | Hermes Conrad            | Bureaucrat   |  10000 | NULL                                                                    |
|          8 | Scruffy Scruffington     | Janitor      |   5000 | NULL                                                                    |
+------------+--------------------------+--------------+--------+-------------------------------------------------------------------------+
8 rows in set (0.00 sec)

MariaDB [Examc0689095]> DESC EPLOYEE;
ERROR 1146 (42S02): Table 'examc0689095.eployee' doesn't exist
MariaDB [Examc0689095]> DESC EMPLOYEE;
+------------+--------------+------+-----+---------+-------+
| Field      | Type         | Null | Key | Default | Extra |
+------------+--------------+------+-----+---------+-------+
| EmployeeID | int(11)      | NO   | PRI | NULL    |       |
| Name       | varchar(255) | NO   |     | NULL    |       |
| Position   | varchar(255) | NO   |     | NULL    |       |
| Salary     | double       | NO   |     | NULL    |       |
| Remarks    | varchar(255) | YES  |     | NULL    |       |
+------------+--------------+------+-----+---------+-------+
5 rows in set (0.00 sec)

MariaDB [Examc0689095]> CREATE VIEW V7 AS INSERT INTO V7('REMARKS')VALUES('WELL DONE') WHERE REMARKS='NULL' FROM EMPLOYEE;
ERROR 1064 (42000): You have an error in your SQL syntax; check the manual that corresponds to your MariaDB server version for the right syntax to use near 'INSERT INTO V7('REMARKS')VALUES('WELL DONE') WHERE REMARKS='NULL' FROM EMPLOYEE' at line 1
MariaDB [Examc0689095]>  UPDATE INTO SET REMARKS='WELLDONE' WHERE REMARKS='NULL'; 
ERROR 1064 (42000): You have an error in your SQL syntax; check the manual that corresponds to your MariaDB server version for the right syntax to use near 'INTO SET REMARKS='WELLDONE' WHERE REMARKS='NULL'' at line 1
MariaDB [Examc0689095]> UPDATE SHIPMENTDATE SET='CURRENT_DATE' WHERE SHIPMENTDATE='NULL';
ERROR 1064 (42000): You have an error in your SQL syntax; check the manual that corresponds to your MariaDB server version for the right syntax to use near '='CURRENT_DATE' WHERE SHIPMENTDATE='NULL'' at line 1
MariaDB [Examc0689095]> UPDATE SHIPMENT SET=SHIPMENTDATE AS CURRENT_DATE FROM SHIPMENT;
ERROR 1064 (42000): You have an error in your SQL syntax; check the manual that corresponds to your MariaDB server version for the right syntax to use near '=SHIPMENTDATE AS CURRENT_DATE FROM SHIPMENT' at line 1
